VE_TLS_0.3 {
    global:
        ve_tls_alloc_set_hooks;
        ve_tls_alloc_get_hooks;
        ve_tls_malloc;
        ve_tls_calloc;
        ve_tls_realloc;
        ve_tls_free;
        ve_tls_strdup;
        ve_tls_secure_zero;
        ve_tls_secure_free_str;
        ve_tls_env_init;
        ve_tls_env_destroy;
        ve_tls_error_free_fields;
        ve_tls_http_response_init;
        ve_tls_retry_policy_init;
        ve_tls_retry_next_interval_ms;
        ve_tls_platform_init_default;
        ve_tls_config_init;
        ve_tls_config_init_versioned;
        ve_tls_producer_create;
        ve_tls_producer_create_versioned;
        ve_tls_producer_update_endpoint;
        ve_tls_producer_update_static_credentials;
        ve_tls_producer_close;
        ve_tls_producer_close_split;
        ve_tls_producer_destroy;
        ve_tls_producer_set_send_done;
        ve_tls_producer_set_send_done_v2;
        ve_tls_producer_get_metrics;
        ve_tls_producer_get_buffered_bytes;
        ve_tls_producer_add_log_raw;
        ve_tls_producer_add_log_raw_time_parts;
        ve_tls_producer_add_log_raw_with_id;
        ve_tls_producer_add_log_raw_time_parts_with_id;
        ve_tls_producer_add_log_kv;
        ve_tls_producer_add_log_kv_hashkey;
        ve_tls_producer_add_log_kv_time_parts;
        ve_tls_producer_add_log_kv_time_parts_hashkey;
        ve_tls_producer_add_log_kv_with_id;
        ve_tls_producer_add_log_kv_hashkey_with_id;
        ve_tls_producer_add_log_kv_time_parts_with_id;
        ve_tls_producer_add_log_kv_time_parts_hashkey_with_id;
        ve_tls_producer_add_log_with_len;
        ve_tls_producer_add_log_with_len_hashkey;
        ve_tls_producer_add_log_with_len_time_parts;
        ve_tls_producer_add_log_with_len_time_parts_hashkey;
        ve_tls_template_create;
        ve_tls_template_add_values;
        ve_tls_template_destroy;
        ve_tls_producer_flush;
        ve_tls_producer_recover;
        ve_tls_producer_export_raw_buffer;
        ve_tls_producer_import_raw_buffer;
        ve_tls_producer_free_raw_buffer;
        ve_tls_android_binding_build_config;
        ve_tls_android_binding_build_config_versioned;
        ve_tls_android_binding_build_persistent_path;
        ve_tls_android_binding_after_create;
        ve_tls_android_binding_before_destroy;
@VE_TLS_CURL_EXPORT@
    local:
        *;
};
